// Vitest Snapshot v1, https://vitest.dev/guide/snapshot.html

exports[`DropDown > matches snapshot 1`] = `
"<div class="relative">
  <div><button>Trigger</button></div><!-- Full Screen Dropdown Overlay -->
  <div class="fixed inset-0 z-40" style="display: none;"></div>
  <transition-stub enteractiveclass="transition ease-out duration-200" enterfromclass="opacity-0 scale-95" entertoclass="opacity-100 scale-100" leaveactiveclass="transition ease-in duration-75" leavefromclass="opacity-100 scale-100" leavetoclass="opacity-0 scale-95" appear="false" persisted="true" css="true">
    <div class="absolute z-50 mt-2 rounded-md shadow-lg w-48 ltr:origin-top-right rtl:origin-top-left end-0" style="display: none;">
      <div class="rounded-md ring-1 ring-black ring-opacity-5 py-1 bg-white dark:bg-gray-700">
        <div>Content</div>
      </div>
    </div>
  </transition-stub>
</div>"
`;
